matrix_products_cublas_mpi: mpi_size=1 device_count=1 execution=sequential AB then BA
rank 0 starting cuBLAS AB on pid=911 launch_cpu=0 gpu_device=0 gpu_name="NVIDIA GB10" matrix=8192x8192 bytes_per_matrix=0.500 GiB repeats=5 cycles=3
rank 0 memory [cuBLAS AB cycle 1/3 before cublasCreate] used=20.582 GiB free=101.107 GiB total=121.689 GiB
rank 0 memory [cuBLAS AB cycle 1/3 after cublasCreate] used=20.594 GiB free=101.095 GiB total=121.689 GiB
rank 0 memory [cuBLAS AB cycle 1/3 after cudaMalloc left/right/result] used=22.113 GiB free=99.576 GiB total=121.689 GiB
rank 0 memory [cuBLAS AB cycle 1/3 after host-to-device copies] used=22.113 GiB free=99.576 GiB total=121.689 GiB
rank 0 memory [cuBLAS AB cycle 1/3 after cublasDgemm] used=22.214 GiB free=99.475 GiB total=121.689 GiB
rank 0 memory [cuBLAS AB cycle 1/3 after cublasDestroy] used=22.205 GiB free=99.484 GiB total=121.689 GiB
rank 0 memory [cuBLAS AB cycle 1/3 after cudaFree] used=20.705 GiB free=100.984 GiB total=121.689 GiB
rank 0 finished cuBLAS AB cycle 1/3 seconds=13.7151 approx_gflop_s=400.838
rank 0 memory [cuBLAS AB cycle 2/3 before cublasCreate] used=20.705 GiB free=100.984 GiB total=121.689 GiB
rank 0 memory [cuBLAS AB cycle 2/3 after cublasCreate] used=20.714 GiB free=100.975 GiB total=121.689 GiB
rank 0 memory [cuBLAS AB cycle 2/3 after cudaMalloc left/right/result] used=22.214 GiB free=99.475 GiB total=121.689 GiB
rank 0 memory [cuBLAS AB cycle 2/3 after host-to-device copies] used=22.215 GiB free=99.475 GiB total=121.689 GiB
rank 0 memory [cuBLAS AB cycle 2/3 after cublasDgemm] used=22.156 GiB free=99.533 GiB total=121.689 GiB
rank 0 memory [cuBLAS AB cycle 2/3 after cublasDestroy] used=22.147 GiB free=99.542 GiB total=121.689 GiB
rank 0 memory [cuBLAS AB cycle 2/3 after cudaFree] used=20.646 GiB free=101.043 GiB total=121.689 GiB
rank 0 finished cuBLAS AB cycle 2/3 seconds=13.5546 approx_gflop_s=405.586
rank 0 memory [cuBLAS AB cycle 3/3 before cublasCreate] used=20.646 GiB free=101.043 GiB total=121.689 GiB
rank 0 memory [cuBLAS AB cycle 3/3 after cublasCreate] used=20.656 GiB free=101.033 GiB total=121.689 GiB
rank 0 memory [cuBLAS AB cycle 3/3 after cudaMalloc left/right/result] used=22.169 GiB free=99.521 GiB total=121.689 GiB
rank 0 memory [cuBLAS AB cycle 3/3 after host-to-device copies] used=22.169 GiB free=99.521 GiB total=121.689 GiB
rank 0 memory [cuBLAS AB cycle 3/3 after cublasDgemm] used=22.064 GiB free=99.625 GiB total=121.689 GiB
rank 0 memory [cuBLAS AB cycle 3/3 after device-to-host copy] used=22.060 GiB free=99.629 GiB total=121.689 GiB
rank 0 memory [cuBLAS AB cycle 3/3 after cublasDestroy] used=22.051 GiB free=99.639 GiB total=121.689 GiB
rank 0 memory [cuBLAS AB cycle 3/3 after cudaFree] used=20.530 GiB free=101.160 GiB total=121.689 GiB
rank 0 finished cuBLAS AB cycle 3/3 seconds=13.5571 approx_gflop_s=405.512
rank 0 finished all cuBLAS AB cycles total_kernel_seconds=40.8268 aggregate_approx_gflop_s=403.967
rank 0 wrote cuBLAS AB to /workspace/native/benchmarks/matrix/data/dgx-spark/20260831T153118Z-n8192-r1/AB_cublas.bin
rank 0 starting cuBLAS BA on pid=911 launch_cpu=0 gpu_device=0 gpu_name="NVIDIA GB10" matrix=8192x8192 bytes_per_matrix=0.500 GiB repeats=5 cycles=3
rank 0 memory [cuBLAS BA cycle 1/3 before cublasCreate] used=21.051 GiB free=100.639 GiB total=121.689 GiB
rank 0 memory [cuBLAS BA cycle 1/3 after cublasCreate] used=21.060 GiB free=100.629 GiB total=121.689 GiB
rank 0 memory [cuBLAS BA cycle 1/3 after cudaMalloc left/right/result] used=22.580 GiB free=99.109 GiB total=121.689 GiB
rank 0 memory [cuBLAS BA cycle 1/3 after host-to-device copies] used=22.579 GiB free=99.110 GiB total=121.689 GiB
rank 0 memory [cuBLAS BA cycle 1/3 after cublasDgemm] used=22.450 GiB free=99.240 GiB total=121.689 GiB
rank 0 memory [cuBLAS BA cycle 1/3 after cublasDestroy] used=22.440 GiB free=99.249 GiB total=121.689 GiB
rank 0 memory [cuBLAS BA cycle 1/3 after cudaFree] used=20.938 GiB free=100.751 GiB total=121.689 GiB
rank 0 finished cuBLAS BA cycle 1/3 seconds=13.5576 approx_gflop_s=405.497
rank 0 memory [cuBLAS BA cycle 2/3 before cublasCreate] used=20.938 GiB free=100.751 GiB total=121.689 GiB
rank 0 memory [cuBLAS BA cycle 2/3 after cublasCreate] used=20.948 GiB free=100.742 GiB total=121.689 GiB
rank 0 memory [cuBLAS BA cycle 2/3 after cudaMalloc left/right/result] used=22.440 GiB free=99.249 GiB total=121.689 GiB
rank 0 memory [cuBLAS BA cycle 2/3 after host-to-device copies] used=22.440 GiB free=99.249 GiB total=121.689 GiB
rank 0 memory [cuBLAS BA cycle 2/3 after cublasDgemm] used=22.388 GiB free=99.302 GiB total=121.689 GiB
rank 0 memory [cuBLAS BA cycle 2/3 after cublasDestroy] used=22.378 GiB free=99.311 GiB total=121.689 GiB
rank 0 memory [cuBLAS BA cycle 2/3 after cudaFree] used=20.855 GiB free=100.834 GiB total=121.689 GiB
rank 0 finished cuBLAS BA cycle 2/3 seconds=13.5541 approx_gflop_s=405.601
rank 0 memory [cuBLAS BA cycle 3/3 before cublasCreate] used=20.855 GiB free=100.834 GiB total=121.689 GiB
rank 0 memory [cuBLAS BA cycle 3/3 after cublasCreate] used=20.865 GiB free=100.824 GiB total=121.689 GiB
rank 0 memory [cuBLAS BA cycle 3/3 after cudaMalloc left/right/result] used=22.384 GiB free=99.306 GiB total=121.689 GiB
rank 0 memory [cuBLAS BA cycle 3/3 after host-to-device copies] used=22.384 GiB free=99.306 GiB total=121.689 GiB
rank 0 memory [cuBLAS BA cycle 3/3 after cublasDgemm] used=22.376 GiB free=99.313 GiB total=121.689 GiB
rank 0 memory [cuBLAS BA cycle 3/3 after device-to-host copy] used=22.376 GiB free=99.313 GiB total=121.689 GiB
rank 0 memory [cuBLAS BA cycle 3/3 after cublasDestroy] used=22.367 GiB free=99.322 GiB total=121.689 GiB
rank 0 memory [cuBLAS BA cycle 3/3 after cudaFree] used=20.847 GiB free=100.843 GiB total=121.689 GiB
rank 0 finished cuBLAS BA cycle 3/3 seconds=13.5543 approx_gflop_s=405.594
rank 0 finished all cuBLAS BA cycles total_kernel_seconds=40.666 aggregate_approx_gflop_s=405.564
rank 0 wrote cuBLAS BA to /workspace/native/benchmarks/matrix/data/dgx-spark/20260831T153118Z-n8192-r1/BA_cublas.bin
