matrix_products_mpi: mpi_size=1 device_count=1 execution=sequential AB then BA
rank 0 starting AB on pid=630 launch_cpu=0 gpu_device=0 gpu_name="NVIDIA GB10" matrix=8192x8192 bytes_per_matrix=0.500 GiB repeats=5 cycles=3
rank 0 memory [AB cycle 1/3 before cudaMalloc] used=14.537 GiB free=107.152 GiB total=121.689 GiB
rank 0 memory [AB cycle 1/3 after cudaMalloc left/right/result] used=16.062 GiB free=105.627 GiB total=121.689 GiB
rank 0 memory [AB cycle 1/3 after host-to-device copies] used=16.062 GiB free=105.627 GiB total=121.689 GiB
rank 0 memory [AB cycle 1/3 after kernel] used=15.611 GiB free=106.078 GiB total=121.689 GiB
rank 0 memory [AB cycle 1/3 after cudaFree] used=14.112 GiB free=107.578 GiB total=121.689 GiB
rank 0 finished AB cycle 1/3 seconds=12.0482 approx_gflop_s=456.296
rank 0 memory [AB cycle 2/3 before cudaMalloc] used=14.112 GiB free=107.578 GiB total=121.689 GiB
rank 0 memory [AB cycle 2/3 after cudaMalloc left/right/result] used=15.603 GiB free=106.086 GiB total=121.689 GiB
rank 0 memory [AB cycle 2/3 after host-to-device copies] used=15.603 GiB free=106.086 GiB total=121.689 GiB
rank 0 memory [AB cycle 2/3 after kernel] used=15.244 GiB free=106.445 GiB total=121.689 GiB
rank 0 memory [AB cycle 2/3 after cudaFree] used=13.736 GiB free=107.953 GiB total=121.689 GiB
rank 0 finished AB cycle 2/3 seconds=12.0561 approx_gflop_s=455.999
rank 0 memory [AB cycle 3/3 before cudaMalloc] used=13.736 GiB free=107.953 GiB total=121.689 GiB
rank 0 memory [AB cycle 3/3 after cudaMalloc left/right/result] used=15.244 GiB free=106.445 GiB total=121.689 GiB
rank 0 memory [AB cycle 3/3 after host-to-device copies] used=15.236 GiB free=106.453 GiB total=121.689 GiB
rank 0 memory [AB cycle 3/3 after kernel] used=14.972 GiB free=106.717 GiB total=121.689 GiB
rank 0 memory [AB cycle 3/3 after device-to-host copy] used=14.972 GiB free=106.717 GiB total=121.689 GiB
rank 0 memory [AB cycle 3/3 after cudaFree] used=13.446 GiB free=108.243 GiB total=121.689 GiB
rank 0 finished AB cycle 3/3 seconds=12.0656 approx_gflop_s=455.641
rank 0 finished all AB cycles total_kernel_seconds=36.1699 aggregate_approx_gflop_s=455.978
rank 0 wrote AB to /workspace/native/benchmarks/matrix/data/dgx-spark/20260831T151415Z-n8192-r1/AB_tiled.bin
rank 0 starting BA on pid=630 launch_cpu=0 gpu_device=0 gpu_name="NVIDIA GB10" matrix=8192x8192 bytes_per_matrix=0.500 GiB repeats=5 cycles=3
rank 0 memory [BA cycle 1/3 before cudaMalloc] used=13.947 GiB free=107.742 GiB total=121.689 GiB
rank 0 memory [BA cycle 1/3 after cudaMalloc left/right/result] used=15.472 GiB free=106.218 GiB total=121.689 GiB
rank 0 memory [BA cycle 1/3 after host-to-device copies] used=15.472 GiB free=106.218 GiB total=121.689 GiB
rank 0 memory [BA cycle 1/3 after kernel] used=15.321 GiB free=106.369 GiB total=121.689 GiB
rank 0 memory [BA cycle 1/3 after cudaFree] used=13.821 GiB free=107.868 GiB total=121.689 GiB
rank 0 finished BA cycle 1/3 seconds=12.0467 approx_gflop_s=456.352
rank 0 memory [BA cycle 2/3 before cudaMalloc] used=13.821 GiB free=107.868 GiB total=121.689 GiB
rank 0 memory [BA cycle 2/3 after cudaMalloc left/right/result] used=15.321 GiB free=106.369 GiB total=121.689 GiB
rank 0 memory [BA cycle 2/3 after host-to-device copies] used=15.321 GiB free=106.369 GiB total=121.689 GiB
rank 0 memory [BA cycle 2/3 after kernel] used=15.210 GiB free=106.480 GiB total=121.689 GiB
rank 0 memory [BA cycle 2/3 after cudaFree] used=13.694 GiB free=107.995 GiB total=121.689 GiB
rank 0 finished BA cycle 2/3 seconds=12.0417 approx_gflop_s=456.543
rank 0 memory [BA cycle 3/3 before cudaMalloc] used=13.694 GiB free=107.995 GiB total=121.689 GiB
rank 0 memory [BA cycle 3/3 after cudaMalloc left/right/result] used=15.209 GiB free=106.481 GiB total=121.689 GiB
rank 0 memory [BA cycle 3/3 after host-to-device copies] used=15.209 GiB free=106.481 GiB total=121.689 GiB
rank 0 memory [BA cycle 3/3 after kernel] used=15.149 GiB free=106.540 GiB total=121.689 GiB
rank 0 memory [BA cycle 3/3 after device-to-host copy] used=15.149 GiB free=106.540 GiB total=121.689 GiB
rank 0 memory [BA cycle 3/3 after cudaFree] used=13.623 GiB free=108.067 GiB total=121.689 GiB
rank 0 finished BA cycle 3/3 seconds=12.0465 approx_gflop_s=456.36
rank 0 finished all BA cycles total_kernel_seconds=36.135 aggregate_approx_gflop_s=456.418
rank 0 wrote BA to /workspace/native/benchmarks/matrix/data/dgx-spark/20260831T151415Z-n8192-r1/BA_tiled.bin
