-- The CXX compiler identification is GNU 13.3.0
-- The CUDA compiler identification is NVIDIA 13.0.48
-- Detecting CXX compiler ABI info
-- Detecting CXX compiler ABI info - done
-- Check for working CXX compiler: /usr/bin/c++ - skipped
-- Detecting CXX compile features
-- Detecting CXX compile features - done
-- Detecting CUDA compiler ABI info
-- Detecting CUDA compiler ABI info - done
-- Check for working CUDA compiler: /usr/local/cuda/bin/nvcc - skipped
-- Detecting CUDA compile features
-- Detecting CUDA compile features - done
-- Found MPI_CXX: /usr/lib/aarch64-linux-gnu/openmpi/lib/libmpi_cxx.so (found version "3.1") 
-- Found MPI: TRUE (found version "3.1")  
-- Found CUDAToolkit: /usr/local/cuda/targets/sbsa-linux/include (found version "13.0.48") 
-- Performing Test CMAKE_HAVE_LIBC_PTHREAD
-- Performing Test CMAKE_HAVE_LIBC_PTHREAD - Success
-- Found Threads: TRUE  
-- Configuring done (1.9s)
-- Generating done (0.0s)
-- Build files have been written to: /workspace/native/benchmarks/matrix/executables/build-dgx-spark
[1/8] Building CXX object CMakeFiles/matrix_make_inputs.dir/src/matrix_make_inputs.cpp.o
[2/8] Linking CXX executable /workspace/native/benchmarks/matrix/executables/matrix_make_inputs
[3/8] Building CXX object CMakeFiles/matrix_compare.dir/src/matrix_compare.cpp.o
[4/8] Linking CXX executable /workspace/native/benchmarks/matrix/executables/matrix_compare
[5/8] Building CUDA object CMakeFiles/matrix_products_mpi.dir/src/matrix_products_mpi.cu.o
[6/8] Linking CUDA executable /workspace/native/benchmarks/matrix/executables/matrix_products_mpi
[7/8] Building CUDA object CMakeFiles/matrix_products_cublas_mpi.dir/src/matrix_products_cublas_mpi.cu.o
[8/8] Linking CUDA executable /workspace/native/benchmarks/matrix/executables/matrix_products_cublas_mpi
wrote 8192x8192 matrices
matrix_products_mpi: mpi_size=1 device_count=1 execution=sequential AB then BA
rank 0 starting AB on pid=630 launch_cpu=0 gpu_device=0 gpu_name="NVIDIA GB10" matrix=8192x8192 bytes_per_matrix=0.500 GiB repeats=5 cycles=3
rank 0 memory [AB cycle 1/3 before cudaMalloc] used=14.537 GiB free=107.152 GiB total=121.689 GiB
rank 0 memory [AB cycle 1/3 after cudaMalloc left/right/result] used=16.062 GiB free=105.627 GiB total=121.689 GiB
rank 0 memory [AB cycle 1/3 after host-to-device copies] used=16.062 GiB free=105.627 GiB total=121.689 GiB
rank 0 memory [AB cycle 1/3 after kernel] used=15.611 GiB free=106.078 GiB total=121.689 GiB
rank 0 memory [AB cycle 1/3 after cudaFree] used=14.112 GiB free=107.578 GiB total=121.689 GiB
rank 0 finished AB cycle 1/3 seconds=12.0482 approx_gflop_s=456.296
rank 0 memory [AB cycle 2/3 before cudaMalloc] used=14.112 GiB free=107.578 GiB total=121.689 GiB
rank 0 memory [AB cycle 2/3 after cudaMalloc left/right/result] used=15.603 GiB free=106.086 GiB total=121.689 GiB
rank 0 memory [AB cycle 2/3 after host-to-device copies] used=15.603 GiB free=106.086 GiB total=121.689 GiB
rank 0 memory [AB cycle 2/3 after kernel] used=15.244 GiB free=106.445 GiB total=121.689 GiB
rank 0 memory [AB cycle 2/3 after cudaFree] used=13.736 GiB free=107.953 GiB total=121.689 GiB
rank 0 finished AB cycle 2/3 seconds=12.0561 approx_gflop_s=455.999
rank 0 memory [AB cycle 3/3 before cudaMalloc] used=13.736 GiB free=107.953 GiB total=121.689 GiB
rank 0 memory [AB cycle 3/3 after cudaMalloc left/right/result] used=15.244 GiB free=106.445 GiB total=121.689 GiB
rank 0 memory [AB cycle 3/3 after host-to-device copies] used=15.236 GiB free=106.453 GiB total=121.689 GiB
rank 0 memory [AB cycle 3/3 after kernel] used=14.972 GiB free=106.717 GiB total=121.689 GiB
rank 0 memory [AB cycle 3/3 after device-to-host copy] used=14.972 GiB free=106.717 GiB total=121.689 GiB
rank 0 memory [AB cycle 3/3 after cudaFree] used=13.446 GiB free=108.243 GiB total=121.689 GiB
rank 0 finished AB cycle 3/3 seconds=12.0656 approx_gflop_s=455.641
rank 0 finished all AB cycles total_kernel_seconds=36.1699 aggregate_approx_gflop_s=455.978
rank 0 wrote AB to /workspace/native/benchmarks/matrix/data/dgx-spark/20260831T151415Z-n8192-r1/AB_tiled.bin
rank 0 starting BA on pid=630 launch_cpu=0 gpu_device=0 gpu_name="NVIDIA GB10" matrix=8192x8192 bytes_per_matrix=0.500 GiB repeats=5 cycles=3
rank 0 memory [BA cycle 1/3 before cudaMalloc] used=13.947 GiB free=107.742 GiB total=121.689 GiB
rank 0 memory [BA cycle 1/3 after cudaMalloc left/right/result] used=15.472 GiB free=106.218 GiB total=121.689 GiB
rank 0 memory [BA cycle 1/3 after host-to-device copies] used=15.472 GiB free=106.218 GiB total=121.689 GiB
rank 0 memory [BA cycle 1/3 after kernel] used=15.321 GiB free=106.369 GiB total=121.689 GiB
rank 0 memory [BA cycle 1/3 after cudaFree] used=13.821 GiB free=107.868 GiB total=121.689 GiB
rank 0 finished BA cycle 1/3 seconds=12.0467 approx_gflop_s=456.352
rank 0 memory [BA cycle 2/3 before cudaMalloc] used=13.821 GiB free=107.868 GiB total=121.689 GiB
rank 0 memory [BA cycle 2/3 after cudaMalloc left/right/result] used=15.321 GiB free=106.369 GiB total=121.689 GiB
rank 0 memory [BA cycle 2/3 after host-to-device copies] used=15.321 GiB free=106.369 GiB total=121.689 GiB
rank 0 memory [BA cycle 2/3 after kernel] used=15.210 GiB free=106.480 GiB total=121.689 GiB
rank 0 memory [BA cycle 2/3 after cudaFree] used=13.694 GiB free=107.995 GiB total=121.689 GiB
rank 0 finished BA cycle 2/3 seconds=12.0417 approx_gflop_s=456.543
rank 0 memory [BA cycle 3/3 before cudaMalloc] used=13.694 GiB free=107.995 GiB total=121.689 GiB
rank 0 memory [BA cycle 3/3 after cudaMalloc left/right/result] used=15.209 GiB free=106.481 GiB total=121.689 GiB
rank 0 memory [BA cycle 3/3 after host-to-device copies] used=15.209 GiB free=106.481 GiB total=121.689 GiB
rank 0 memory [BA cycle 3/3 after kernel] used=15.149 GiB free=106.540 GiB total=121.689 GiB
rank 0 memory [BA cycle 3/3 after device-to-host copy] used=15.149 GiB free=106.540 GiB total=121.689 GiB
rank 0 memory [BA cycle 3/3 after cudaFree] used=13.623 GiB free=108.067 GiB total=121.689 GiB
rank 0 finished BA cycle 3/3 seconds=12.0465 approx_gflop_s=456.36
rank 0 finished all BA cycles total_kernel_seconds=36.135 aggregate_approx_gflop_s=456.418
rank 0 wrote BA to /workspace/native/benchmarks/matrix/data/dgx-spark/20260831T151415Z-n8192-r1/BA_tiled.bin
matrix_products_cublas_mpi: mpi_size=1 device_count=1 execution=sequential AB then BA
rank 0 starting cuBLAS AB on pid=639 launch_cpu=0 gpu_device=0 gpu_name="NVIDIA GB10" matrix=8192x8192 bytes_per_matrix=0.500 GiB repeats=5 cycles=3
rank 0 memory [cuBLAS AB cycle 1/3 before cublasCreate] used=14.294 GiB free=107.396 GiB total=121.689 GiB
rank 0 memory [cuBLAS AB cycle 1/3 after cublasCreate] used=14.306 GiB free=107.383 GiB total=121.689 GiB
rank 0 memory [cuBLAS AB cycle 1/3 after cudaMalloc left/right/result] used=15.829 GiB free=105.860 GiB total=121.689 GiB
rank 0 memory [cuBLAS AB cycle 1/3 after host-to-device copies] used=15.829 GiB free=105.860 GiB total=121.689 GiB
rank 0 memory [cuBLAS AB cycle 1/3 after cublasDgemm] used=15.974 GiB free=105.716 GiB total=121.689 GiB
rank 0 memory [cuBLAS AB cycle 1/3 after cublasDestroy] used=15.964 GiB free=105.725 GiB total=121.689 GiB
rank 0 memory [cuBLAS AB cycle 1/3 after cudaFree] used=14.464 GiB free=107.225 GiB total=121.689 GiB
rank 0 finished cuBLAS AB cycle 1/3 seconds=13.7831 approx_gflop_s=398.863
rank 0 memory [cuBLAS AB cycle 2/3 before cublasCreate] used=14.464 GiB free=107.225 GiB total=121.689 GiB
rank 0 memory [cuBLAS AB cycle 2/3 after cublasCreate] used=14.474 GiB free=107.216 GiB total=121.689 GiB
rank 0 memory [cuBLAS AB cycle 2/3 after cudaMalloc left/right/result] used=15.974 GiB free=105.716 GiB total=121.689 GiB
rank 0 memory [cuBLAS AB cycle 2/3 after host-to-device copies] used=15.974 GiB free=105.716 GiB total=121.689 GiB
rank 0 memory [cuBLAS AB cycle 2/3 after cublasDgemm] used=15.898 GiB free=105.791 GiB total=121.689 GiB
rank 0 memory [cuBLAS AB cycle 2/3 after cublasDestroy] used=15.889 GiB free=105.800 GiB total=121.689 GiB
rank 0 memory [cuBLAS AB cycle 2/3 after cudaFree] used=14.373 GiB free=107.316 GiB total=121.689 GiB
rank 0 finished cuBLAS AB cycle 2/3 seconds=13.5544 approx_gflop_s=405.594
rank 0 memory [cuBLAS AB cycle 3/3 before cublasCreate] used=14.373 GiB free=107.316 GiB total=121.689 GiB
rank 0 memory [cuBLAS AB cycle 3/3 after cublasCreate] used=14.383 GiB free=107.307 GiB total=121.689 GiB
rank 0 memory [cuBLAS AB cycle 3/3 after cudaMalloc left/right/result] used=15.898 GiB free=105.792 GiB total=121.689 GiB
rank 0 memory [cuBLAS AB cycle 3/3 after host-to-device copies] used=15.898 GiB free=105.792 GiB total=121.689 GiB
rank 0 memory [cuBLAS AB cycle 3/3 after cublasDgemm] used=15.828 GiB free=105.861 GiB total=121.689 GiB
rank 0 memory [cuBLAS AB cycle 3/3 after device-to-host copy] used=15.828 GiB free=105.861 GiB total=121.689 GiB
rank 0 memory [cuBLAS AB cycle 3/3 after cublasDestroy] used=15.818 GiB free=105.871 GiB total=121.689 GiB
rank 0 memory [cuBLAS AB cycle 3/3 after cudaFree] used=14.292 GiB free=107.398 GiB total=121.689 GiB
rank 0 finished cuBLAS AB cycle 3/3 seconds=13.5541 approx_gflop_s=405.602
rank 0 finished all cuBLAS AB cycles total_kernel_seconds=40.8915 aggregate_approx_gflop_s=403.328
rank 0 wrote cuBLAS AB to /workspace/native/benchmarks/matrix/data/dgx-spark/20260831T151415Z-n8192-r1/AB_cublas.bin
rank 0 starting cuBLAS BA on pid=639 launch_cpu=0 gpu_device=0 gpu_name="NVIDIA GB10" matrix=8192x8192 bytes_per_matrix=0.500 GiB repeats=5 cycles=3
rank 0 memory [cuBLAS BA cycle 1/3 before cublasCreate] used=14.810 GiB free=106.879 GiB total=121.689 GiB
rank 0 memory [cuBLAS BA cycle 1/3 after cublasCreate] used=14.820 GiB free=106.869 GiB total=121.689 GiB
rank 0 memory [cuBLAS BA cycle 1/3 after cudaMalloc left/right/result] used=16.343 GiB free=105.347 GiB total=121.689 GiB
rank 0 memory [cuBLAS BA cycle 1/3 after host-to-device copies] used=16.343 GiB free=105.347 GiB total=121.689 GiB
rank 0 memory [cuBLAS BA cycle 1/3 after cublasDgemm] used=16.280 GiB free=105.410 GiB total=121.689 GiB
rank 0 memory [cuBLAS BA cycle 1/3 after cublasDestroy] used=16.270 GiB free=105.419 GiB total=121.689 GiB
rank 0 memory [cuBLAS BA cycle 1/3 after cudaFree] used=14.770 GiB free=106.919 GiB total=121.689 GiB
rank 0 finished cuBLAS BA cycle 1/3 seconds=13.5542 approx_gflop_s=405.598
rank 0 memory [cuBLAS BA cycle 2/3 before cublasCreate] used=14.770 GiB free=106.919 GiB total=121.689 GiB
rank 0 memory [cuBLAS BA cycle 2/3 after cublasCreate] used=14.780 GiB free=106.910 GiB total=121.689 GiB
rank 0 memory [cuBLAS BA cycle 2/3 after cudaMalloc left/right/result] used=16.280 GiB free=105.410 GiB total=121.689 GiB
rank 0 memory [cuBLAS BA cycle 2/3 after host-to-device copies] used=16.280 GiB free=105.410 GiB total=121.689 GiB
rank 0 memory [cuBLAS BA cycle 2/3 after cublasDgemm] used=16.222 GiB free=105.468 GiB total=121.689 GiB
rank 0 memory [cuBLAS BA cycle 2/3 after cublasDestroy] used=16.212 GiB free=105.477 GiB total=121.689 GiB
rank 0 memory [cuBLAS BA cycle 2/3 after cudaFree] used=14.691 GiB free=106.999 GiB total=121.689 GiB
rank 0 finished cuBLAS BA cycle 2/3 seconds=13.5542 approx_gflop_s=405.597
rank 0 memory [cuBLAS BA cycle 3/3 before cublasCreate] used=14.691 GiB free=106.999 GiB total=121.689 GiB
rank 0 memory [cuBLAS BA cycle 3/3 after cublasCreate] used=14.700 GiB free=106.989 GiB total=121.689 GiB
rank 0 memory [cuBLAS BA cycle 3/3 after cudaMalloc left/right/result] used=16.223 GiB free=105.467 GiB total=121.689 GiB
rank 0 memory [cuBLAS BA cycle 3/3 after host-to-device copies] used=16.223 GiB free=105.467 GiB total=121.689 GiB
rank 0 memory [cuBLAS BA cycle 3/3 after cublasDgemm] used=16.198 GiB free=105.492 GiB total=121.689 GiB
rank 0 memory [cuBLAS BA cycle 3/3 after device-to-host copy] used=16.198 GiB free=105.492 GiB total=121.689 GiB
rank 0 memory [cuBLAS BA cycle 3/3 after cublasDestroy] used=16.188 GiB free=105.502 GiB total=121.689 GiB
rank 0 memory [cuBLAS BA cycle 3/3 after cudaFree] used=14.661 GiB free=107.028 GiB total=121.689 GiB
rank 0 finished cuBLAS BA cycle 3/3 seconds=13.5316 approx_gflop_s=406.276
rank 0 finished all cuBLAS BA cycles total_kernel_seconds=40.64 aggregate_approx_gflop_s=405.823
rank 0 wrote cuBLAS BA to /workspace/native/benchmarks/matrix/data/dgx-spark/20260831T151415Z-n8192-r1/BA_cublas.bin
matrix_compare: n=8192 elements=67108864 max_abs=0 max_rel_at_max_abs=0 rmse=0 max_abs_index=(0,0) failures=0 atol=1e-08 rtol=1e-08
matrix_compare: n=8192 elements=67108864 max_abs=0 max_rel_at_max_abs=0 rmse=0 max_abs_index=(0,0) failures=0 atol=1e-08 rtol=1e-08
benchmark outputs:
  data:      /workspace/native/benchmarks/matrix/data/dgx-spark/20260831T151415Z-n8192-r1
  tiled:     /workspace/native/benchmarks/matrix/data/dgx-spark/20260831T151415Z-n8192-r1/matrix_products_tiled.out
  cuBLAS:    /workspace/native/benchmarks/matrix/data/dgx-spark/20260831T151415Z-n8192-r1/matrix_products_cublas.out
  compare:   /workspace/native/benchmarks/matrix/data/dgx-spark/20260831T151415Z-n8192-r1/matrix_compare.out
