job_id=18983213
host=t001
workdir=/scratch/user/juan.florez/tamubo
MPI_RANKS=2
DATA_DIR=/scratch/user/juan.florez/tamubo/native/data/matrix_benchmark_18983213
CUDA_ARCHITECTURES=75
OMP_NUM_THREADS=2

Currently Loaded Modules:
  1) GCCcore/14.3.0   8) libpciaccess/0.18.1  15) PRRTE/3.0.11
  2) zlib/1.3.1       9) hwloc/2.12.1         16) UCC/1.4.4
  3) binutils/2.44   10) OpenSSL/3            17) OpenMPI/5.0.8
  4) GCC/14.3.0      11) libevent/2.1.12      18) Ninja/1.13.0
  5) numactl/2.0.19  12) UCX/1.19.0           19) CUDA/13.1.0
  6) XZ/5.8.1        13) libfabric/2.1.0
  7) libxml2/2.14.3  14) PMIx/5.0.8

 

/sw/eb/sw/CUDA/13.1.0/bin/nvcc
nvcc: NVIDIA (R) Cuda compiler driver
Copyright (c) 2005-2025 NVIDIA Corporation
Built on Fri_Nov__7_07:23:37_PM_PST_2025
Cuda compilation tools, release 13.1, V13.1.80
Build cuda_13.1.r13.1/compiler.36836380_0
/sw/eb/sw/OpenMPI/5.0.8-GCC-14.3.0/bin/mpicxx
g++ (GCC) 14.3.0
Copyright (C) 2024 Free Software Foundation, Inc.
This is free software; see the source for copying conditions.  There is NO
warranty; not even for MERCHANTABILITY or FITNESS FOR A PARTICULAR PURPOSE.

/usr/bin/cmake
cmake version 3.26.5

CMake suite maintained and supported by Kitware (kitware.com/cmake).
/sw/eb/sw/Ninja/1.13.0-GCCcore-14.3.0/bin/ninja
1.13.0
GPU 0: Tesla T4 (UUID: GPU-38dcb3de-b27d-002d-74f5-f452a0a11899)
GPU 1: Tesla T4 (UUID: GPU-b30bc463-5d5c-2df9-966e-951d066c6f0e)
-- Found CUDAToolkit: /sw/eb/sw/CUDA/13.1.0/include (found version "13.1.80") 
-- Performing Test CMAKE_HAVE_LIBC_PTHREAD
-- Performing Test CMAKE_HAVE_LIBC_PTHREAD - Failed
-- Looking for pthread_create in pthreads
-- Looking for pthread_create in pthreads - not found
-- Looking for pthread_create in pthread
-- Looking for pthread_create in pthread - found
-- Found Threads: TRUE  
-- Configuring done (54.0s)
-- Generating done (0.7s)
-- Build files have been written to: /scratch/user/juan.florez/tamubo/native/build
[1/8] Building CXX object CMakeFiles/matrix_make_inputs.dir/src/matrix_make_inputs.cpp.o
[2/8] Building CUDA object CMakeFiles/matrix_products_mpi.dir/src/matrix_products_mpi.cu.o
[3/8] Building CUDA object CMakeFiles/matrix_products_cublas_mpi.dir/src/matrix_products_cublas_mpi.cu.o
[4/8] Building CXX object CMakeFiles/matrix_compare.dir/src/matrix_compare.cpp.o
[5/8] Linking CXX executable matrix_compare
[6/8] Linking CUDA executable matrix_products_cublas_mpi
[7/8] Linking CUDA executable matrix_products_mpi
[8/8] Linking CXX executable matrix_make_inputs
wrote 1024x1024 matrices
matrix_products_mpi: mpi_size=2 device_count=2 execution=concurrent AB/BA
rank 0 starting AB on pid=2473160 launch_cpu=0 gpu_device=0 gpu_name="Tesla T4" matrix=1024x1024 bytes_per_matrix=0.008 GiB repeats=5 cycles=3
rank 0 memory [AB cycle 1/3 before cudaMalloc] used=0.102 GiB free=15.454 GiB total=15.556 GiB
rank 0 memory [AB cycle 1/3 after cudaMalloc left/right/result] used=0.126 GiB free=15.430 GiB total=15.556 GiB
rank 0 memory [AB cycle 1/3 after host-to-device copies] used=0.126 GiB free=15.430 GiB total=15.556 GiB
rank 1 starting BA on pid=2473161 launch_cpu=2 gpu_device=1 gpu_name="Tesla T4" matrix=1024x1024 bytes_per_matrix=0.008 GiB repeats=5 cycles=3
rank 1 memory [BA cycle 1/3 before cudaMalloc] used=0.102 GiB free=15.454 GiB total=15.556 GiB
rank 1 memory [BA cycle 1/3 after cudaMalloc left/right/result] used=0.126 GiB free=15.430 GiB total=15.556 GiB
rank 1 memory [BA cycle 1/3 after host-to-device copies] used=0.126 GiB free=15.430 GiB total=15.556 GiB
rank 0 memory [AB cycle 1/3 after kernel] used=0.126 GiB free=15.430 GiB total=15.556 GiB
rank 0 memory [AB cycle 1/3 after cudaFree] used=0.102 GiB free=15.454 GiB total=15.556 GiB
rank 0 finished AB cycle 1/3 seconds=0.110599 approx_gflop_s=97.0843
rank 0 memory [AB cycle 2/3 before cudaMalloc] used=0.102 GiB free=15.454 GiB total=15.556 GiB
rank 0 memory [AB cycle 2/3 after cudaMalloc left/right/result] used=0.126 GiB free=15.430 GiB total=15.556 GiB
rank 0 memory [AB cycle 2/3 after host-to-device copies] used=0.126 GiB free=15.430 GiB total=15.556 GiB
rank 1 memory [BA cycle 1/3 after kernel] used=0.126 GiB free=15.430 GiB total=15.556 GiB
rank 1 memory [BA cycle 1/3 after cudaFree] used=0.102 GiB free=15.454 GiB total=15.556 GiB
rank 1 finished BA cycle 1/3 seconds=0.113332 approx_gflop_s=94.7427
rank 1 memory [BA cycle 2/3 before cudaMalloc] used=0.102 GiB free=15.454 GiB total=15.556 GiB
rank 1 memory [BA cycle 2/3 after cudaMalloc left/right/result] used=0.126 GiB free=15.430 GiB total=15.556 GiB
rank 1 memory [BA cycle 2/3 after host-to-device copies] used=0.126 GiB free=15.430 GiB total=15.556 GiB
rank 0 memory [AB cycle 2/3 after kernel] used=0.126 GiB free=15.430 GiB total=15.556 GiB
rank 0 memory [AB cycle 2/3 after cudaFree] used=0.102 GiB free=15.454 GiB total=15.556 GiB
rank 0 finished AB cycle 2/3 seconds=0.0808605 approx_gflop_s=132.789
rank 0 memory [AB cycle 3/3 before cudaMalloc] used=0.102 GiB free=15.454 GiB total=15.556 GiB
rank 0 memory [AB cycle 3/3 after cudaMalloc left/right/result] used=0.126 GiB free=15.430 GiB total=15.556 GiB
rank 0 memory [AB cycle 3/3 after host-to-device copies] used=0.126 GiB free=15.430 GiB total=15.556 GiB
rank 1 memory [BA cycle 2/3 after kernel] used=0.126 GiB free=15.430 GiB total=15.556 GiB
rank 1 memory [BA cycle 2/3 after cudaFree] used=0.102 GiB free=15.454 GiB total=15.556 GiB
rank 1 finished BA cycle 2/3 seconds=0.0887077 approx_gflop_s=121.043
rank 1 memory [BA cycle 3/3 before cudaMalloc] used=0.102 GiB free=15.454 GiB total=15.556 GiB
rank 1 memory [BA cycle 3/3 after cudaMalloc left/right/result] used=0.126 GiB free=15.430 GiB total=15.556 GiB
rank 1 memory [BA cycle 3/3 after host-to-device copies] used=0.126 GiB free=15.430 GiB total=15.556 GiB
rank 0 memory [AB cycle 3/3 after kernel] used=0.126 GiB free=15.430 GiB total=15.556 GiB
rank 0 memory [AB cycle 3/3 after device-to-host copy] used=0.126 GiB free=15.430 GiB total=15.556 GiB
rank 0 memory [AB cycle 3/3 after cudaFree] used=0.102 GiB free=15.454 GiB total=15.556 GiB
rank 0 finished AB cycle 3/3 seconds=0.0808654 approx_gflop_s=132.781
rank 0 finished all AB cycles total_kernel_seconds=0.272325 aggregate_approx_gflop_s=118.286
rank 0 wrote AB to /scratch/user/juan.florez/tamubo/native/data/matrix_benchmark_18983213/AB_tiled.bin
rank 1 memory [BA cycle 3/3 after kernel] used=0.126 GiB free=15.430 GiB total=15.556 GiB
rank 1 memory [BA cycle 3/3 after device-to-host copy] used=0.126 GiB free=15.430 GiB total=15.556 GiB
rank 1 memory [BA cycle 3/3 after cudaFree] used=0.102 GiB free=15.454 GiB total=15.556 GiB
rank 1 finished BA cycle 3/3 seconds=0.0879267 approx_gflop_s=122.118
rank 1 finished all BA cycles total_kernel_seconds=0.289967 aggregate_approx_gflop_s=111.089
rank 1 wrote BA to /scratch/user/juan.florez/tamubo/native/data/matrix_benchmark_18983213/BA_tiled.bin
matrix_products_cublas_mpi: mpi_size=2 device_count=2 execution=concurrent AB/BA
rank 1 starting cuBLAS BA on pid=2473198 launch_cpu=2 gpu_device=1 gpu_name="Tesla T4" matrix=1024x1024 bytes_per_matrix=0.008 GiB repeats=5 cycles=3
rank 1 memory [cuBLAS BA cycle 1/3 before cublasCreate] used=0.102 GiB free=15.454 GiB total=15.556 GiB
rank 0 starting cuBLAS AB on pid=2473197 launch_cpu=0 gpu_device=0 gpu_name="Tesla T4" matrix=1024x1024 bytes_per_matrix=0.008 GiB repeats=5 cycles=3
rank 0 memory [cuBLAS AB cycle 1/3 before cublasCreate] used=0.102 GiB free=15.454 GiB total=15.556 GiB
rank 0 memory [cuBLAS AB cycle 1/3 after cublasCreate] used=0.114 GiB free=15.442 GiB total=15.556 GiB
rank 1 memory [cuBLAS BA cycle 1/3 after cublasCreate] used=0.114 GiB free=15.442 GiB total=15.556 GiB
rank 0 memory [cuBLAS AB cycle 1/3 after cudaMalloc left/right/result] used=0.138 GiB free=15.419 GiB total=15.556 GiB
rank 1 memory [cuBLAS BA cycle 1/3 after cudaMalloc left/right/result] used=0.138 GiB free=15.419 GiB total=15.556 GiB
rank 1 memory [cuBLAS BA cycle 1/3 after host-to-device copies] used=0.138 GiB free=15.419 GiB total=15.556 GiB
rank 0 memory [cuBLAS AB cycle 1/3 after host-to-device copies] used=0.138 GiB free=15.419 GiB total=15.556 GiB
rank 1 memory [cuBLAS BA cycle 1/3 after cublasDgemm] used=0.138 GiB free=15.419 GiB total=15.556 GiB
rank 0 memory [cuBLAS AB cycle 1/3 after cublasDgemm] used=0.138 GiB free=15.419 GiB total=15.556 GiB
rank 0 memory [cuBLAS AB cycle 1/3 after cublasDestroy] used=0.128 GiB free=15.428 GiB total=15.556 GiB
rank 1 memory [cuBLAS BA cycle 1/3 after cublasDestroy] used=0.128 GiB free=15.428 GiB total=15.556 GiB
rank 0 memory [cuBLAS AB cycle 1/3 after cudaFree] used=0.104 GiB free=15.452 GiB total=15.556 GiB
rank 0 finished cuBLAS AB cycle 1/3 seconds=2.47754 approx_gflop_s=4.3339
rank 0 memory [cuBLAS AB cycle 2/3 before cublasCreate] used=0.104 GiB free=15.452 GiB total=15.556 GiB
rank 1 memory [cuBLAS BA cycle 1/3 after cudaFree] used=0.104 GiB free=15.452 GiB total=15.556 GiB
rank 1 finished cuBLAS BA cycle 1/3 seconds=2.47817 approx_gflop_s=4.33279
rank 1 memory [cuBLAS BA cycle 2/3 before cublasCreate] used=0.104 GiB free=15.452 GiB total=15.556 GiB
rank 0 memory [cuBLAS AB cycle 2/3 after cublasCreate] used=0.114 GiB free=15.442 GiB total=15.556 GiB
rank 1 memory [cuBLAS BA cycle 2/3 after cublasCreate] used=0.114 GiB free=15.442 GiB total=15.556 GiB
rank 0 memory [cuBLAS AB cycle 2/3 after cudaMalloc left/right/result] used=0.138 GiB free=15.419 GiB total=15.556 GiB
rank 1 memory [cuBLAS BA cycle 2/3 after cudaMalloc left/right/result] used=0.138 GiB free=15.419 GiB total=15.556 GiB
rank 0 memory [cuBLAS AB cycle 2/3 after host-to-device copies] used=0.138 GiB free=15.419 GiB total=15.556 GiB
rank 1 memory [cuBLAS BA cycle 2/3 after host-to-device copies] used=0.138 GiB free=15.419 GiB total=15.556 GiB
rank 1 memory [cuBLAS BA cycle 2/3 after cublasDgemm] used=0.138 GiB free=15.419 GiB total=15.556 GiB
rank 1 memory [cuBLAS BA cycle 2/3 after cublasDestroy] used=0.128 GiB free=15.428 GiB total=15.556 GiB
rank 1 memory [cuBLAS BA cycle 2/3 after cudaFree] used=0.104 GiB free=15.452 GiB total=15.556 GiB
rank 1 finished cuBLAS BA cycle 2/3 seconds=0.117223 approx_gflop_s=91.5983
rank 1 memory [cuBLAS BA cycle 3/3 before cublasCreate] used=0.104 GiB free=15.452 GiB total=15.556 GiB
rank 1 memory [cuBLAS BA cycle 3/3 after cublasCreate] used=0.114 GiB free=15.442 GiB total=15.556 GiB
rank 1 memory [cuBLAS BA cycle 3/3 after cudaMalloc left/right/result] used=0.138 GiB free=15.419 GiB total=15.556 GiB
rank 0 memory [cuBLAS AB cycle 2/3 after cublasDgemm] used=0.138 GiB free=15.419 GiB total=15.556 GiB
rank 0 memory [cuBLAS AB cycle 2/3 after cublasDestroy] used=0.128 GiB free=15.428 GiB total=15.556 GiB
rank 0 memory [cuBLAS AB cycle 2/3 after cudaFree] used=0.104 GiB free=15.452 GiB total=15.556 GiB
rank 0 finished cuBLAS AB cycle 2/3 seconds=0.120119 approx_gflop_s=89.39
rank 0 memory [cuBLAS AB cycle 3/3 before cublasCreate] used=0.104 GiB free=15.452 GiB total=15.556 GiB
rank 0 memory [cuBLAS AB cycle 3/3 after cublasCreate] used=0.114 GiB free=15.442 GiB total=15.556 GiB
rank 0 memory [cuBLAS AB cycle 3/3 after cudaMalloc left/right/result] used=0.138 GiB free=15.419 GiB total=15.556 GiB
rank 1 memory [cuBLAS BA cycle 3/3 after host-to-device copies] used=0.138 GiB free=15.419 GiB total=15.556 GiB
rank 0 memory [cuBLAS AB cycle 3/3 after host-to-device copies] used=0.138 GiB free=15.419 GiB total=15.556 GiB
rank 1 memory [cuBLAS BA cycle 3/3 after cublasDgemm] used=0.138 GiB free=15.419 GiB total=15.556 GiB
rank 1 memory [cuBLAS BA cycle 3/3 after device-to-host copy] used=0.138 GiB free=15.419 GiB total=15.556 GiB
rank 1 memory [cuBLAS BA cycle 3/3 after cublasDestroy] used=0.128 GiB free=15.428 GiB total=15.556 GiB
rank 0 memory [cuBLAS AB cycle 3/3 after cublasDgemm] used=0.138 GiB free=15.419 GiB total=15.556 GiB
rank 1 memory [cuBLAS BA cycle 3/3 after cudaFree] used=0.104 GiB free=15.452 GiB total=15.556 GiB
rank 1 finished cuBLAS BA cycle 3/3 seconds=0.0580158 approx_gflop_s=185.077
rank 1 finished all cuBLAS BA cycles total_kernel_seconds=2.65341 aggregate_approx_gflop_s=12.1399
rank 0 memory [cuBLAS AB cycle 3/3 after device-to-host copy] used=0.138 GiB free=15.419 GiB total=15.556 GiB
rank 0 memory [cuBLAS AB cycle 3/3 after cublasDestroy] used=0.128 GiB free=15.428 GiB total=15.556 GiB
rank 0 memory [cuBLAS AB cycle 3/3 after cudaFree] used=0.104 GiB free=15.452 GiB total=15.556 GiB
rank 0 finished cuBLAS AB cycle 3/3 seconds=0.0585402 approx_gflop_s=183.42
rank 0 finished all cuBLAS AB cycles total_kernel_seconds=2.6562 aggregate_approx_gflop_s=12.1272
rank 0 wrote cuBLAS AB to /scratch/user/juan.florez/tamubo/native/data/matrix_benchmark_18983213/AB_cublas.bin
rank 1 wrote cuBLAS BA to /scratch/user/juan.florez/tamubo/native/data/matrix_benchmark_18983213/BA_cublas.bin
matrix_compare: n=1024 elements=1048576 max_abs=0 max_rel_at_max_abs=0 rmse=0 max_abs_index=(0,0) failures=0 atol=1e-08 rtol=1e-08
matrix_compare: n=1024 elements=1048576 max_abs=0 max_rel_at_max_abs=0 rmse=0 max_abs_index=(0,0) failures=0 atol=1e-08 rtol=1e-08
benchmark outputs:
  data:      /scratch/user/juan.florez/tamubo/native/data/matrix_benchmark_18983213
  tiled:     /scratch/user/juan.florez/tamubo/native/data/matrix_benchmark_18983213/matrix_products_tiled.out
  cuBLAS:    /scratch/user/juan.florez/tamubo/native/data/matrix_benchmark_18983213/matrix_products_cublas.out
  compare:   /scratch/user/juan.florez/tamubo/native/data/matrix_benchmark_18983213/matrix_compare.out
