matrix_products_mpi: mpi_size=1 device_count=1 execution=sequential AB then BA
rank 0 starting AB on pid=428328 launch_cpu=112 gpu_device=0 gpu_name="NVIDIA H200" matrix=8192x8192 bytes_per_matrix=0.500 GiB repeats=5 cycles=3
rank 0 memory [AB cycle 1/3 before cudaMalloc] used=0.514 GiB free=139.286 GiB total=139.801 GiB
rank 0 memory [AB cycle 1/3 after cudaMalloc left/right/result] used=2.014 GiB free=137.786 GiB total=139.801 GiB
rank 0 memory [AB cycle 1/3 after host-to-device copies] used=2.014 GiB free=137.786 GiB total=139.801 GiB
rank 0 memory [AB cycle 1/3 after kernel] used=2.014 GiB free=137.786 GiB total=139.801 GiB
rank 0 memory [AB cycle 1/3 after cudaFree] used=0.514 GiB free=139.286 GiB total=139.801 GiB
rank 0 finished AB cycle 1/3 seconds=1.18001 approx_gflop_s=4658.91
rank 0 memory [AB cycle 2/3 before cudaMalloc] used=0.514 GiB free=139.286 GiB total=139.801 GiB
rank 0 memory [AB cycle 2/3 after cudaMalloc left/right/result] used=2.014 GiB free=137.786 GiB total=139.801 GiB
rank 0 memory [AB cycle 2/3 after host-to-device copies] used=2.014 GiB free=137.786 GiB total=139.801 GiB
rank 0 memory [AB cycle 2/3 after kernel] used=2.014 GiB free=137.786 GiB total=139.801 GiB
rank 0 memory [AB cycle 2/3 after cudaFree] used=0.514 GiB free=139.286 GiB total=139.801 GiB
rank 0 finished AB cycle 2/3 seconds=1.17993 approx_gflop_s=4659.22
rank 0 memory [AB cycle 3/3 before cudaMalloc] used=0.514 GiB free=139.286 GiB total=139.801 GiB
rank 0 memory [AB cycle 3/3 after cudaMalloc left/right/result] used=2.014 GiB free=137.786 GiB total=139.801 GiB
rank 0 memory [AB cycle 3/3 after host-to-device copies] used=2.014 GiB free=137.786 GiB total=139.801 GiB
rank 0 memory [AB cycle 3/3 after kernel] used=2.014 GiB free=137.786 GiB total=139.801 GiB
rank 0 memory [AB cycle 3/3 after device-to-host copy] used=2.014 GiB free=137.786 GiB total=139.801 GiB
rank 0 memory [AB cycle 3/3 after cudaFree] used=0.514 GiB free=139.286 GiB total=139.801 GiB
rank 0 finished AB cycle 3/3 seconds=1.17974 approx_gflop_s=4659.96
rank 0 finished all AB cycles total_kernel_seconds=3.53969 aggregate_approx_gflop_s=4659.36
rank 0 wrote AB to /scratch/user/juan.florez_tamu.edu/tamubo/native/benchmarks/matrix/data/vision-h200/job-480603-n8192-r1/AB_tiled.bin
rank 0 starting BA on pid=428328 launch_cpu=0 gpu_device=0 gpu_name="NVIDIA H200" matrix=8192x8192 bytes_per_matrix=0.500 GiB repeats=5 cycles=3
rank 0 memory [BA cycle 1/3 before cudaMalloc] used=0.514 GiB free=139.286 GiB total=139.801 GiB
rank 0 memory [BA cycle 1/3 after cudaMalloc left/right/result] used=2.014 GiB free=137.786 GiB total=139.801 GiB
rank 0 memory [BA cycle 1/3 after host-to-device copies] used=2.014 GiB free=137.786 GiB total=139.801 GiB
rank 0 memory [BA cycle 1/3 after kernel] used=2.014 GiB free=137.786 GiB total=139.801 GiB
rank 0 memory [BA cycle 1/3 after cudaFree] used=0.514 GiB free=139.286 GiB total=139.801 GiB
rank 0 finished BA cycle 1/3 seconds=1.1799 approx_gflop_s=4659.32
rank 0 memory [BA cycle 2/3 before cudaMalloc] used=0.514 GiB free=139.286 GiB total=139.801 GiB
rank 0 memory [BA cycle 2/3 after cudaMalloc left/right/result] used=2.014 GiB free=137.786 GiB total=139.801 GiB
rank 0 memory [BA cycle 2/3 after host-to-device copies] used=2.014 GiB free=137.786 GiB total=139.801 GiB
rank 0 memory [BA cycle 2/3 after kernel] used=2.014 GiB free=137.786 GiB total=139.801 GiB
rank 0 memory [BA cycle 2/3 after cudaFree] used=0.514 GiB free=139.286 GiB total=139.801 GiB
rank 0 finished BA cycle 2/3 seconds=1.18607 approx_gflop_s=4635.1
rank 0 memory [BA cycle 3/3 before cudaMalloc] used=0.514 GiB free=139.286 GiB total=139.801 GiB
rank 0 memory [BA cycle 3/3 after cudaMalloc left/right/result] used=2.014 GiB free=137.786 GiB total=139.801 GiB
rank 0 memory [BA cycle 3/3 after host-to-device copies] used=2.014 GiB free=137.786 GiB total=139.801 GiB
rank 0 memory [BA cycle 3/3 after kernel] used=2.014 GiB free=137.786 GiB total=139.801 GiB
rank 0 memory [BA cycle 3/3 after device-to-host copy] used=2.014 GiB free=137.786 GiB total=139.801 GiB
rank 0 memory [BA cycle 3/3 after cudaFree] used=0.514 GiB free=139.286 GiB total=139.801 GiB
rank 0 finished BA cycle 3/3 seconds=1.18076 approx_gflop_s=4655.94
rank 0 finished all BA cycles total_kernel_seconds=3.54674 aggregate_approx_gflop_s=4650.1
rank 0 wrote BA to /scratch/user/juan.florez_tamu.edu/tamubo/native/benchmarks/matrix/data/vision-h200/job-480603-n8192-r1/BA_tiled.bin
