matrix_products_mpi: mpi_size=1 device_count=1 execution=sequential AB then BA
rank 0 starting AB on pid=1174 launch_cpu=0 gpu_device=0 gpu_name="NVIDIA GB10" matrix=8192x8192 bytes_per_matrix=0.500 GiB repeats=5 cycles=3
rank 0 memory [AB cycle 1/3 before cudaMalloc] used=26.296 GiB free=95.393 GiB total=121.689 GiB
rank 0 memory [AB cycle 1/3 after cudaMalloc left/right/result] used=27.815 GiB free=93.874 GiB total=121.689 GiB
rank 0 memory [AB cycle 1/3 after host-to-device copies] used=27.815 GiB free=93.874 GiB total=121.689 GiB
rank 0 memory [AB cycle 1/3 after kernel] used=27.678 GiB free=94.011 GiB total=121.689 GiB
rank 0 memory [AB cycle 1/3 after cudaFree] used=26.179 GiB free=95.511 GiB total=121.689 GiB
rank 0 finished AB cycle 1/3 seconds=12.0661 approx_gflop_s=455.621
rank 0 memory [AB cycle 2/3 before cudaMalloc] used=26.179 GiB free=95.511 GiB total=121.689 GiB
rank 0 memory [AB cycle 2/3 after cudaMalloc left/right/result] used=27.678 GiB free=94.011 GiB total=121.689 GiB
rank 0 memory [AB cycle 2/3 after host-to-device copies] used=27.674 GiB free=94.015 GiB total=121.689 GiB
rank 0 memory [AB cycle 2/3 after kernel] used=27.560 GiB free=94.130 GiB total=121.689 GiB
rank 0 memory [AB cycle 2/3 after cudaFree] used=26.060 GiB free=95.629 GiB total=121.689 GiB
rank 0 finished AB cycle 2/3 seconds=12.0632 approx_gflop_s=455.729
rank 0 memory [AB cycle 3/3 before cudaMalloc] used=26.060 GiB free=95.629 GiB total=121.689 GiB
rank 0 memory [AB cycle 3/3 after cudaMalloc left/right/result] used=27.560 GiB free=94.130 GiB total=121.689 GiB
rank 0 memory [AB cycle 3/3 after host-to-device copies] used=27.560 GiB free=94.130 GiB total=121.689 GiB
rank 0 memory [AB cycle 3/3 after kernel] used=27.444 GiB free=94.246 GiB total=121.689 GiB
rank 0 memory [AB cycle 3/3 after device-to-host copy] used=27.444 GiB free=94.246 GiB total=121.689 GiB
rank 0 memory [AB cycle 3/3 after cudaFree] used=25.918 GiB free=95.772 GiB total=121.689 GiB
rank 0 finished AB cycle 3/3 seconds=12.0636 approx_gflop_s=455.714
rank 0 finished all AB cycles total_kernel_seconds=36.1929 aggregate_approx_gflop_s=455.688
rank 0 wrote AB to /workspace/native/benchmarks/matrix/data/dgx-spark/20260831T153904Z-n8192-r1/AB_tiled.bin
rank 0 starting BA on pid=1174 launch_cpu=0 gpu_device=0 gpu_name="NVIDIA GB10" matrix=8192x8192 bytes_per_matrix=0.500 GiB repeats=5 cycles=3
rank 0 memory [BA cycle 1/3 before cudaMalloc] used=26.426 GiB free=95.264 GiB total=121.689 GiB
rank 0 memory [BA cycle 1/3 after cudaMalloc left/right/result] used=27.951 GiB free=93.739 GiB total=121.689 GiB
rank 0 memory [BA cycle 1/3 after host-to-device copies] used=27.951 GiB free=93.739 GiB total=121.689 GiB
rank 0 memory [BA cycle 1/3 after kernel] used=27.853 GiB free=93.836 GiB total=121.689 GiB
rank 0 memory [BA cycle 1/3 after cudaFree] used=26.354 GiB free=95.336 GiB total=121.689 GiB
rank 0 finished BA cycle 1/3 seconds=12.0693 approx_gflop_s=455.498
rank 0 memory [BA cycle 2/3 before cudaMalloc] used=26.354 GiB free=95.336 GiB total=121.689 GiB
rank 0 memory [BA cycle 2/3 after cudaMalloc left/right/result] used=27.853 GiB free=93.836 GiB total=121.689 GiB
rank 0 memory [BA cycle 2/3 after host-to-device copies] used=27.853 GiB free=93.836 GiB total=121.689 GiB
rank 0 memory [BA cycle 2/3 after kernel] used=27.764 GiB free=93.925 GiB total=121.689 GiB
rank 0 memory [BA cycle 2/3 after cudaFree] used=26.249 GiB free=95.441 GiB total=121.689 GiB
rank 0 finished BA cycle 2/3 seconds=12.0749 approx_gflop_s=455.289
rank 0 memory [BA cycle 3/3 before cudaMalloc] used=26.249 GiB free=95.441 GiB total=121.689 GiB
rank 0 memory [BA cycle 3/3 after cudaMalloc left/right/result] used=27.759 GiB free=93.930 GiB total=121.689 GiB
rank 0 memory [BA cycle 3/3 after host-to-device copies] used=27.759 GiB free=93.930 GiB total=121.689 GiB
rank 0 memory [BA cycle 3/3 after kernel] used=27.693 GiB free=93.997 GiB total=121.689 GiB
rank 0 memory [BA cycle 3/3 after device-to-host copy] used=27.693 GiB free=93.997 GiB total=121.689 GiB
rank 0 memory [BA cycle 3/3 after cudaFree] used=26.171 GiB free=95.518 GiB total=121.689 GiB
rank 0 finished BA cycle 3/3 seconds=12.0744 approx_gflop_s=455.306
rank 0 finished all BA cycles total_kernel_seconds=36.2186 aggregate_approx_gflop_s=455.364
rank 0 wrote BA to /workspace/native/benchmarks/matrix/data/dgx-spark/20260831T153904Z-n8192-r1/BA_tiled.bin
