matrix_products_cublas_mpi: mpi_size=1 device_count=1 execution=sequential AB then BA
rank 0 starting cuBLAS AB on pid=1183 launch_cpu=0 gpu_device=0 gpu_name="NVIDIA GB10" matrix=8192x8192 bytes_per_matrix=0.500 GiB repeats=5 cycles=3
rank 0 memory [cuBLAS AB cycle 1/3 before cublasCreate] used=26.782 GiB free=94.907 GiB total=121.689 GiB
rank 0 memory [cuBLAS AB cycle 1/3 after cublasCreate] used=26.794 GiB free=94.895 GiB total=121.689 GiB
rank 0 memory [cuBLAS AB cycle 1/3 after cudaMalloc left/right/result] used=28.313 GiB free=93.376 GiB total=121.689 GiB
rank 0 memory [cuBLAS AB cycle 1/3 after host-to-device copies] used=28.313 GiB free=93.376 GiB total=121.689 GiB
rank 0 memory [cuBLAS AB cycle 1/3 after cublasDgemm] used=28.349 GiB free=93.340 GiB total=121.689 GiB
rank 0 memory [cuBLAS AB cycle 1/3 after cublasDestroy] used=28.340 GiB free=93.350 GiB total=121.689 GiB
rank 0 memory [cuBLAS AB cycle 1/3 after cudaFree] used=26.840 GiB free=94.850 GiB total=121.689 GiB
rank 0 finished cuBLAS AB cycle 1/3 seconds=13.7141 approx_gflop_s=400.87
rank 0 memory [cuBLAS AB cycle 2/3 before cublasCreate] used=26.840 GiB free=94.850 GiB total=121.689 GiB
rank 0 memory [cuBLAS AB cycle 2/3 after cublasCreate] used=26.849 GiB free=94.840 GiB total=121.689 GiB
rank 0 memory [cuBLAS AB cycle 2/3 after cudaMalloc left/right/result] used=28.349 GiB free=93.340 GiB total=121.689 GiB
rank 0 memory [cuBLAS AB cycle 2/3 after host-to-device copies] used=28.349 GiB free=93.340 GiB total=121.689 GiB
rank 0 memory [cuBLAS AB cycle 2/3 after cublasDgemm] used=28.297 GiB free=93.392 GiB total=121.689 GiB
rank 0 memory [cuBLAS AB cycle 2/3 after cublasDestroy] used=28.288 GiB free=93.401 GiB total=121.689 GiB
rank 0 memory [cuBLAS AB cycle 2/3 after cudaFree] used=26.780 GiB free=94.909 GiB total=121.689 GiB
rank 0 finished cuBLAS AB cycle 2/3 seconds=13.555 approx_gflop_s=405.575
rank 0 memory [cuBLAS AB cycle 3/3 before cublasCreate] used=26.780 GiB free=94.909 GiB total=121.689 GiB
rank 0 memory [cuBLAS AB cycle 3/3 after cublasCreate] used=26.790 GiB free=94.900 GiB total=121.689 GiB
rank 0 memory [cuBLAS AB cycle 3/3 after cudaMalloc left/right/result] used=28.297 GiB free=93.392 GiB total=121.689 GiB
rank 0 memory [cuBLAS AB cycle 3/3 after host-to-device copies] used=28.297 GiB free=93.392 GiB total=121.689 GiB
rank 0 memory [cuBLAS AB cycle 3/3 after cublasDgemm] used=28.240 GiB free=93.450 GiB total=121.689 GiB
rank 0 memory [cuBLAS AB cycle 3/3 after device-to-host copy] used=28.240 GiB free=93.450 GiB total=121.689 GiB
rank 0 memory [cuBLAS AB cycle 3/3 after cublasDestroy] used=28.230 GiB free=93.459 GiB total=121.689 GiB
rank 0 memory [cuBLAS AB cycle 3/3 after cudaFree] used=26.706 GiB free=94.983 GiB total=121.689 GiB
rank 0 finished cuBLAS AB cycle 3/3 seconds=13.5543 approx_gflop_s=405.596
rank 0 finished all cuBLAS AB cycles total_kernel_seconds=40.8233 aggregate_approx_gflop_s=404.001
rank 0 wrote cuBLAS AB to /workspace/native/benchmarks/matrix/data/dgx-spark/20260831T153904Z-n8192-r1/AB_cublas.bin
rank 0 starting cuBLAS BA on pid=1183 launch_cpu=0 gpu_device=0 gpu_name="NVIDIA GB10" matrix=8192x8192 bytes_per_matrix=0.500 GiB repeats=5 cycles=3
rank 0 memory [cuBLAS BA cycle 1/3 before cublasCreate] used=27.225 GiB free=94.464 GiB total=121.689 GiB
rank 0 memory [cuBLAS BA cycle 1/3 after cublasCreate] used=27.235 GiB free=94.454 GiB total=121.689 GiB
rank 0 memory [cuBLAS BA cycle 1/3 after cudaMalloc left/right/result] used=28.748 GiB free=92.941 GiB total=121.689 GiB
rank 0 memory [cuBLAS BA cycle 1/3 after host-to-device copies] used=28.748 GiB free=92.941 GiB total=121.689 GiB
rank 0 memory [cuBLAS BA cycle 1/3 after cublasDgemm] used=28.689 GiB free=93.000 GiB total=121.689 GiB
rank 0 memory [cuBLAS BA cycle 1/3 after cublasDestroy] used=28.679 GiB free=93.010 GiB total=121.689 GiB
rank 0 memory [cuBLAS BA cycle 1/3 after cudaFree] used=27.179 GiB free=94.510 GiB total=121.689 GiB
rank 0 finished cuBLAS BA cycle 1/3 seconds=13.5541 approx_gflop_s=405.6
rank 0 memory [cuBLAS BA cycle 2/3 before cublasCreate] used=27.179 GiB free=94.510 GiB total=121.689 GiB
rank 0 memory [cuBLAS BA cycle 2/3 after cublasCreate] used=27.189 GiB free=94.501 GiB total=121.689 GiB
rank 0 memory [cuBLAS BA cycle 2/3 after cudaMalloc left/right/result] used=28.689 GiB free=93.000 GiB total=121.689 GiB
rank 0 memory [cuBLAS BA cycle 2/3 after host-to-device copies] used=28.689 GiB free=93.000 GiB total=121.689 GiB
rank 0 memory [cuBLAS BA cycle 2/3 after cublasDgemm] used=28.627 GiB free=93.062 GiB total=121.689 GiB
rank 0 memory [cuBLAS BA cycle 2/3 after cublasDestroy] used=28.618 GiB free=93.072 GiB total=121.689 GiB
rank 0 memory [cuBLAS BA cycle 2/3 after cudaFree] used=27.096 GiB free=94.594 GiB total=121.689 GiB
rank 0 finished cuBLAS BA cycle 2/3 seconds=13.554 approx_gflop_s=405.603
rank 0 memory [cuBLAS BA cycle 3/3 before cublasCreate] used=27.096 GiB free=94.594 GiB total=121.689 GiB
rank 0 memory [cuBLAS BA cycle 3/3 after cublasCreate] used=27.105 GiB free=94.584 GiB total=121.689 GiB
rank 0 memory [cuBLAS BA cycle 3/3 after cudaMalloc left/right/result] used=28.630 GiB free=93.060 GiB total=121.689 GiB
rank 0 memory [cuBLAS BA cycle 3/3 after host-to-device copies] used=28.630 GiB free=93.060 GiB total=121.689 GiB
rank 0 memory [cuBLAS BA cycle 3/3 after cublasDgemm] used=28.590 GiB free=93.099 GiB total=121.689 GiB
rank 0 memory [cuBLAS BA cycle 3/3 after device-to-host copy] used=28.590 GiB free=93.099 GiB total=121.689 GiB
rank 0 memory [cuBLAS BA cycle 3/3 after cublasDestroy] used=28.581 GiB free=93.109 GiB total=121.689 GiB
rank 0 memory [cuBLAS BA cycle 3/3 after cudaFree] used=27.054 GiB free=94.635 GiB total=121.689 GiB
rank 0 finished cuBLAS BA cycle 3/3 seconds=13.5551 approx_gflop_s=405.571
rank 0 finished all cuBLAS BA cycles total_kernel_seconds=40.6633 aggregate_approx_gflop_s=405.591
rank 0 wrote cuBLAS BA to /workspace/native/benchmarks/matrix/data/dgx-spark/20260831T153904Z-n8192-r1/BA_cublas.bin
