matrix_products_cublas_mpi: mpi_size=1 device_count=1 execution=sequential AB then BA
rank 0 starting cuBLAS AB on pid=2186040 launch_cpu=112 gpu_device=0 gpu_name="NVIDIA H200" matrix=8192x8192 bytes_per_matrix=0.500 GiB repeats=5 cycles=3
rank 0 memory [cuBLAS AB cycle 1/3 before cublasCreate] used=0.514 GiB free=139.286 GiB total=139.801 GiB
rank 0 memory [cuBLAS AB cycle 1/3 after cublasCreate] used=0.581 GiB free=139.220 GiB total=139.801 GiB
rank 0 memory [cuBLAS AB cycle 1/3 after cudaMalloc left/right/result] used=2.081 GiB free=137.720 GiB total=139.801 GiB
rank 0 memory [cuBLAS AB cycle 1/3 after host-to-device copies] used=2.081 GiB free=137.720 GiB total=139.801 GiB
rank 0 memory [cuBLAS AB cycle 1/3 after cublasDgemm] used=2.081 GiB free=137.720 GiB total=139.801 GiB
rank 0 memory [cuBLAS AB cycle 1/3 after cublasDestroy] used=2.016 GiB free=137.784 GiB total=139.801 GiB
rank 0 memory [cuBLAS AB cycle 1/3 after cudaFree] used=0.516 GiB free=139.284 GiB total=139.801 GiB
rank 0 finished cuBLAS AB cycle 1/3 seconds=0.223908 approx_gflop_s=24552.7
rank 0 memory [cuBLAS AB cycle 2/3 before cublasCreate] used=0.516 GiB free=139.284 GiB total=139.801 GiB
rank 0 memory [cuBLAS AB cycle 2/3 after cublasCreate] used=0.581 GiB free=139.220 GiB total=139.801 GiB
rank 0 memory [cuBLAS AB cycle 2/3 after cudaMalloc left/right/result] used=2.081 GiB free=137.720 GiB total=139.801 GiB
rank 0 memory [cuBLAS AB cycle 2/3 after host-to-device copies] used=2.081 GiB free=137.720 GiB total=139.801 GiB
rank 0 memory [cuBLAS AB cycle 2/3 after cublasDgemm] used=2.081 GiB free=137.720 GiB total=139.801 GiB
rank 0 memory [cuBLAS AB cycle 2/3 after cublasDestroy] used=2.016 GiB free=137.784 GiB total=139.801 GiB
rank 0 memory [cuBLAS AB cycle 2/3 after cudaFree] used=0.516 GiB free=139.284 GiB total=139.801 GiB
rank 0 finished cuBLAS AB cycle 2/3 seconds=0.0868255 approx_gflop_s=63317.3
rank 0 memory [cuBLAS AB cycle 3/3 before cublasCreate] used=0.516 GiB free=139.284 GiB total=139.801 GiB
rank 0 memory [cuBLAS AB cycle 3/3 after cublasCreate] used=0.581 GiB free=139.220 GiB total=139.801 GiB
rank 0 memory [cuBLAS AB cycle 3/3 after cudaMalloc left/right/result] used=2.081 GiB free=137.720 GiB total=139.801 GiB
rank 0 memory [cuBLAS AB cycle 3/3 after host-to-device copies] used=2.081 GiB free=137.720 GiB total=139.801 GiB
rank 0 memory [cuBLAS AB cycle 3/3 after cublasDgemm] used=2.081 GiB free=137.720 GiB total=139.801 GiB
rank 0 memory [cuBLAS AB cycle 3/3 after device-to-host copy] used=2.081 GiB free=137.720 GiB total=139.801 GiB
rank 0 memory [cuBLAS AB cycle 3/3 after cublasDestroy] used=2.016 GiB free=137.784 GiB total=139.801 GiB
rank 0 memory [cuBLAS AB cycle 3/3 after cudaFree] used=0.516 GiB free=139.284 GiB total=139.801 GiB
rank 0 finished cuBLAS AB cycle 3/3 seconds=0.0875026 approx_gflop_s=62827.4
rank 0 finished all cuBLAS AB cycles total_kernel_seconds=0.398236 aggregate_approx_gflop_s=41414.3
rank 0 wrote cuBLAS AB to /scratch/user/juan.florez_tamu.edu/tamubo/native/benchmarks/matrix/data/vision-h200/job-480667-n8192-r1/AB_cublas.bin
rank 0 starting cuBLAS BA on pid=2186040 launch_cpu=112 gpu_device=0 gpu_name="NVIDIA H200" matrix=8192x8192 bytes_per_matrix=0.500 GiB repeats=5 cycles=3
rank 0 memory [cuBLAS BA cycle 1/3 before cublasCreate] used=0.516 GiB free=139.284 GiB total=139.801 GiB
rank 0 memory [cuBLAS BA cycle 1/3 after cublasCreate] used=0.581 GiB free=139.220 GiB total=139.801 GiB
rank 0 memory [cuBLAS BA cycle 1/3 after cudaMalloc left/right/result] used=2.081 GiB free=137.720 GiB total=139.801 GiB
rank 0 memory [cuBLAS BA cycle 1/3 after host-to-device copies] used=2.081 GiB free=137.720 GiB total=139.801 GiB
rank 0 memory [cuBLAS BA cycle 1/3 after cublasDgemm] used=2.081 GiB free=137.720 GiB total=139.801 GiB
rank 0 memory [cuBLAS BA cycle 1/3 after cublasDestroy] used=2.016 GiB free=137.784 GiB total=139.801 GiB
rank 0 memory [cuBLAS BA cycle 1/3 after cudaFree] used=0.516 GiB free=139.284 GiB total=139.801 GiB
rank 0 finished cuBLAS BA cycle 1/3 seconds=0.0878594 approx_gflop_s=62572.2
rank 0 memory [cuBLAS BA cycle 2/3 before cublasCreate] used=0.516 GiB free=139.284 GiB total=139.801 GiB
rank 0 memory [cuBLAS BA cycle 2/3 after cublasCreate] used=0.581 GiB free=139.220 GiB total=139.801 GiB
rank 0 memory [cuBLAS BA cycle 2/3 after cudaMalloc left/right/result] used=2.081 GiB free=137.720 GiB total=139.801 GiB
rank 0 memory [cuBLAS BA cycle 2/3 after host-to-device copies] used=2.081 GiB free=137.720 GiB total=139.801 GiB
rank 0 memory [cuBLAS BA cycle 2/3 after cublasDgemm] used=2.081 GiB free=137.720 GiB total=139.801 GiB
rank 0 memory [cuBLAS BA cycle 2/3 after cublasDestroy] used=2.016 GiB free=137.784 GiB total=139.801 GiB
rank 0 memory [cuBLAS BA cycle 2/3 after cudaFree] used=0.516 GiB free=139.284 GiB total=139.801 GiB
rank 0 finished cuBLAS BA cycle 2/3 seconds=0.0869976 approx_gflop_s=63192
rank 0 memory [cuBLAS BA cycle 3/3 before cublasCreate] used=0.516 GiB free=139.284 GiB total=139.801 GiB
rank 0 memory [cuBLAS BA cycle 3/3 after cublasCreate] used=0.581 GiB free=139.220 GiB total=139.801 GiB
rank 0 memory [cuBLAS BA cycle 3/3 after cudaMalloc left/right/result] used=2.081 GiB free=137.720 GiB total=139.801 GiB
rank 0 memory [cuBLAS BA cycle 3/3 after host-to-device copies] used=2.081 GiB free=137.720 GiB total=139.801 GiB
rank 0 memory [cuBLAS BA cycle 3/3 after cublasDgemm] used=2.081 GiB free=137.720 GiB total=139.801 GiB
rank 0 memory [cuBLAS BA cycle 3/3 after device-to-host copy] used=2.081 GiB free=137.720 GiB total=139.801 GiB
rank 0 memory [cuBLAS BA cycle 3/3 after cublasDestroy] used=2.016 GiB free=137.784 GiB total=139.801 GiB
rank 0 memory [cuBLAS BA cycle 3/3 after cudaFree] used=0.516 GiB free=139.284 GiB total=139.801 GiB
rank 0 finished cuBLAS BA cycle 3/3 seconds=0.0869898 approx_gflop_s=63197.7
rank 0 finished all cuBLAS BA cycles total_kernel_seconds=0.261847 aggregate_approx_gflop_s=62985.9
rank 0 wrote cuBLAS BA to /scratch/user/juan.florez_tamu.edu/tamubo/native/benchmarks/matrix/data/vision-h200/job-480667-n8192-r1/BA_cublas.bin
